Command: synth_design -fsm_extraction gray -directive AreaOptimized_high -resource_sharing on -retiming -top divider
Starting synth_design
Using part: xc7a35tcpg236-2L
Attempting to get a license for feature 'Synthesis' and/or device 'xc7a35t'
INFO: [Common 17-349] Got license for feature 'Synthesis' and/or device 'xc7a35t'
INFO: [Device 21-403] Loading part xc7a35tcpg236-2L
INFO: Launching helper process for spawning children vivado processes
INFO: Helper process launched with PID 10704 
---------------------------------------------------------------------------------
Starting RTL Elaboration : Time (s): cpu = 00:00:08 ; elapsed = 00:00:08 . Memory (MB): peak = 677.293 ; gain = 177.422
---------------------------------------------------------------------------------
INFO: [Synth 8-6157] synthesizing module 'divider' [C:/Users/Walter/Documents/GitHub/DSDII_FINAL/Sources/divider.v:13]
	Parameter SIZE bound to: 32 - type: integer 
INFO: [Synth 8-6157] synthesizing module 'control' [C:/Users/Walter/Documents/GitHub/DSDII_FINAL/Sources/control.v:16]
	Parameter WAIT_FOR_START bound to: 3'b000 
	Parameter CHECK_DIVIDE_BY_ZERO bound to: 3'b001 
	Parameter ERROR bound to: 3'b010 
	Parameter SHIFT_LEFT bound to: 3'b011 
	Parameter SHIFT_RIGHT bound to: 3'b100 
	Parameter NO_ERROR bound to: 3'b101 
INFO: [Synth 8-6155] done synthesizing module 'control' (1#1) [C:/Users/Walter/Documents/GitHub/DSDII_FINAL/Sources/control.v:16]
INFO: [Synth 8-6157] synthesizing module 'datapath' [C:/Users/Walter/Documents/GitHub/DSDII_FINAL/Sources/datapath.v:13]
	Parameter SIZE bound to: 32 - type: integer 
INFO: [Synth 8-6157] synthesizing module 'lrShiftSFR' [C:/Users/Walter/Documents/GitHub/DSDII_FINAL/Sources/lrShiftSFR.v:14]
	Parameter SIZE bound to: 32 - type: integer 
INFO: [Synth 8-6155] done synthesizing module 'lrShiftSFR' (2#1) [C:/Users/Walter/Documents/GitHub/DSDII_FINAL/Sources/lrShiftSFR.v:14]
INFO: [Synth 8-6157] synthesizing module 'subSFR' [C:/Users/Walter/Documents/GitHub/DSDII_FINAL/Sources/subSFR.v:14]
	Parameter SIZE bound to: 32 - type: integer 
INFO: [Synth 8-6155] done synthesizing module 'subSFR' (3#1) [C:/Users/Walter/Documents/GitHub/DSDII_FINAL/Sources/subSFR.v:14]
INFO: [Synth 8-6157] synthesizing module 'lShiftSFR' [C:/Users/Walter/Documents/GitHub/DSDII_FINAL/Sources/lShiftSFR.v:14]
	Parameter SIZE bound to: 32 - type: integer 
INFO: [Synth 8-6155] done synthesizing module 'lShiftSFR' (4#1) [C:/Users/Walter/Documents/GitHub/DSDII_FINAL/Sources/lShiftSFR.v:14]
INFO: [Synth 8-6157] synthesizing module 'udCounterSFR' [C:/Users/Walter/Documents/GitHub/DSDII_FINAL/Sources/udCounterSFR.v:13]
	Parameter SIZE bound to: 5 - type: integer 
INFO: [Synth 8-6155] done synthesizing module 'udCounterSFR' (5#1) [C:/Users/Walter/Documents/GitHub/DSDII_FINAL/Sources/udCounterSFR.v:13]
INFO: [Synth 8-6155] done synthesizing module 'datapath' (6#1) [C:/Users/Walter/Documents/GitHub/DSDII_FINAL/Sources/datapath.v:13]
INFO: [Synth 8-6155] done synthesizing module 'divider' (7#1) [C:/Users/Walter/Documents/GitHub/DSDII_FINAL/Sources/divider.v:13]
WARNING: [Synth 8-3331] design datapath has unconnected port reset
---------------------------------------------------------------------------------
Finished RTL Elaboration : Time (s): cpu = 00:00:10 ; elapsed = 00:00:10 . Memory (MB): peak = 741.598 ; gain = 241.727
---------------------------------------------------------------------------------

Report Check Netlist: 
+------+------------------+-------+---------+-------+------------------+
|      |Item              |Errors |Warnings |Status |Description       |
+------+------------------+-------+---------+-------+------------------+
|1     |multi_driven_nets |      0|        0|Passed |Multi driven nets |
+------+------------------+-------+---------+-------+------------------+
---------------------------------------------------------------------------------
Start Handling Custom Attributes
---------------------------------------------------------------------------------
---------------------------------------------------------------------------------
Finished Handling Custom Attributes : Time (s): cpu = 00:00:10 ; elapsed = 00:00:11 . Memory (MB): peak = 741.598 ; gain = 241.727
---------------------------------------------------------------------------------
---------------------------------------------------------------------------------
Finished RTL Optimization Phase 1 : Time (s): cpu = 00:00:10 ; elapsed = 00:00:11 . Memory (MB): peak = 741.598 ; gain = 241.727
---------------------------------------------------------------------------------
INFO: [Project 1-570] Preparing netlist for logic optimization

Processing XDC Constraints
Initializing timing engine
Parsing XDC File [C:/Users/Walter/Documents/GitHub/DSDII_FINAL/Constraints/constraints.xdc]
Finished Parsing XDC File [C:/Users/Walter/Documents/GitHub/DSDII_FINAL/Constraints/constraints.xdc]
Completed Processing XDC Constraints

Netlist sorting complete. Time (s): cpu = 00:00:00 ; elapsed = 00:00:00 . Memory (MB): peak = 842.223 ; gain = 0.000
INFO: [Project 1-111] Unisim Transformation Summary:
No Unisim elements were transformed.

Constraint Validation Runtime : Time (s): cpu = 00:00:00 ; elapsed = 00:00:00.013 . Memory (MB): peak = 842.223 ; gain = 0.000
---------------------------------------------------------------------------------
Finished Constraint Validation : Time (s): cpu = 00:00:23 ; elapsed = 00:00:25 . Memory (MB): peak = 842.223 ; gain = 342.352
---------------------------------------------------------------------------------
---------------------------------------------------------------------------------
Start Loading Part and Timing Information
---------------------------------------------------------------------------------
Loading part: xc7a35tcpg236-2L
---------------------------------------------------------------------------------
Finished Loading Part and Timing Information : Time (s): cpu = 00:00:23 ; elapsed = 00:00:25 . Memory (MB): peak = 842.223 ; gain = 342.352
---------------------------------------------------------------------------------
---------------------------------------------------------------------------------
Start Applying 'set_property' XDC Constraints
---------------------------------------------------------------------------------
---------------------------------------------------------------------------------
Finished applying 'set_property' XDC Constraints : Time (s): cpu = 00:00:23 ; elapsed = 00:00:26 . Memory (MB): peak = 842.223 ; gain = 342.352
---------------------------------------------------------------------------------
INFO: [Synth 8-802] inferred FSM for state register 'state_reg' in module 'control'
INFO: [Synth 8-5818] HDL ADVISOR - The operator resource <adder> is shared. To prevent sharing consider applying a KEEP on the output of the operator [C:/Users/Walter/Documents/GitHub/DSDII_FINAL/Sources/udCounterSFR.v:27]
---------------------------------------------------------------------------------------------------
                   State |                     New Encoding |                Previous Encoding 
---------------------------------------------------------------------------------------------------
          WAIT_FOR_START |                              000 |                              000
    CHECK_DIVIDE_BY_ZERO |                              001 |                              001
              SHIFT_LEFT |                              011 |                              011
             SHIFT_RIGHT |                              010 |                              100
                NO_ERROR |                              111 |                              101
                   ERROR |                              110 |                              010
---------------------------------------------------------------------------------------------------
INFO: [Synth 8-3354] encoded FSM with state register 'state_reg' using encoding 'gray' in module 'control'
---------------------------------------------------------------------------------
Finished RTL Optimization Phase 2 : Time (s): cpu = 00:00:24 ; elapsed = 00:00:26 . Memory (MB): peak = 842.223 ; gain = 342.352
---------------------------------------------------------------------------------

Report RTL Partitions: 
+-+--------------+------------+----------+
| |RTL Partition |Replication |Instances |
+-+--------------+------------+----------+
+-+--------------+------------+----------+
---------------------------------------------------------------------------------
Start RTL Component Statistics 
---------------------------------------------------------------------------------
Detailed RTL Component Info : 
+---Adders : 
	   2 Input     32 Bit       Adders := 1     
	   2 Input      5 Bit       Adders := 1     
+---Registers : 
	               32 Bit    Registers := 3     
	                5 Bit    Registers := 1     
+---Muxes : 
	   2 Input     32 Bit        Muxes := 5     
	   2 Input     31 Bit        Muxes := 1     
	   6 Input      3 Bit        Muxes := 1     
	   2 Input      3 Bit        Muxes := 5     
	   2 Input      2 Bit        Muxes := 1     
	   2 Input      1 Bit        Muxes := 10    
	   6 Input      1 Bit        Muxes := 4     
---------------------------------------------------------------------------------
Finished RTL Component Statistics 
---------------------------------------------------------------------------------
---------------------------------------------------------------------------------
Start RTL Hierarchical Component Statistics 
---------------------------------------------------------------------------------
Hierarchical RTL Component report 
Module control 
Detailed RTL Component Info : 
+---Muxes : 
	   6 Input      3 Bit        Muxes := 1     
	   2 Input      3 Bit        Muxes := 5     
	   2 Input      1 Bit        Muxes := 3     
	   6 Input      1 Bit        Muxes := 4     
Module lrShiftSFR 
Detailed RTL Component Info : 
+---Registers : 
	               32 Bit    Registers := 1     
+---Muxes : 
	   2 Input     32 Bit        Muxes := 2     
	   2 Input      1 Bit        Muxes := 2     
Module subSFR 
Detailed RTL Component Info : 
+---Registers : 
	               32 Bit    Registers := 1     
+---Muxes : 
	   2 Input      1 Bit        Muxes := 1     
Module lShiftSFR 
Detailed RTL Component Info : 
+---Adders : 
	   2 Input     32 Bit       Adders := 1     
+---Registers : 
	               32 Bit    Registers := 1     
+---Muxes : 
	   2 Input     32 Bit        Muxes := 3     
	   2 Input     31 Bit        Muxes := 1     
	   2 Input      1 Bit        Muxes := 1     
Module udCounterSFR 
Detailed RTL Component Info : 
+---Adders : 
	   2 Input      5 Bit       Adders := 1     
+---Registers : 
	                5 Bit    Registers := 1     
+---Muxes : 
	   2 Input      2 Bit        Muxes := 1     
	   2 Input      1 Bit        Muxes := 1     
Module datapath 
Detailed RTL Component Info : 
+---Muxes : 
	   2 Input      1 Bit        Muxes := 2     
---------------------------------------------------------------------------------
Finished RTL Hierarchical Component Statistics
---------------------------------------------------------------------------------
---------------------------------------------------------------------------------
Start Part Resource Summary
---------------------------------------------------------------------------------
Part Resources:
DSPs: 90 (col length:60)
BRAMs: 100 (col length: RAMB18 60 RAMB36 30)
---------------------------------------------------------------------------------
Finished Part Resource Summary
---------------------------------------------------------------------------------
---------------------------------------------------------------------------------
Start Cross Boundary and Area Optimization
---------------------------------------------------------------------------------
Warning: Parallel synthesis criteria is not met 
---------------------------------------------------------------------------------
Finished Cross Boundary and Area Optimization : Time (s): cpu = 00:00:27 ; elapsed = 00:00:30 . Memory (MB): peak = 842.223 ; gain = 342.352
---------------------------------------------------------------------------------

Report RTL Partitions: 
+-+--------------+------------+----------+
| |RTL Partition |Replication |Instances |
+-+--------------+------------+----------+
+-+--------------+------------+----------+
---------------------------------------------------------------------------------
Start Applying XDC Timing Constraints
---------------------------------------------------------------------------------
---------------------------------------------------------------------------------
Finished Applying XDC Timing Constraints : Time (s): cpu = 00:00:43 ; elapsed = 00:00:46 . Memory (MB): peak = 842.223 ; gain = 342.352
---------------------------------------------------------------------------------
---------------------------------------------------------------------------------
Start Timing Optimization
---------------------------------------------------------------------------------
---------------------------------------------------------------------------------
Finished Timing Optimization : Time (s): cpu = 00:00:44 ; elapsed = 00:00:48 . Memory (MB): peak = 875.613 ; gain = 375.742
---------------------------------------------------------------------------------

Report RTL Partitions: 
+-+--------------+------------+----------+
| |RTL Partition |Replication |Instances |
+-+--------------+------------+----------+
+-+--------------+------------+----------+
---------------------------------------------------------------------------------
Start Technology Mapping
---------------------------------------------------------------------------------
INFO: [Synth 8-5816] Retiming module `divider`
	Effective logic levels on critical path before retiming is: 7
	Total number of crtical paths = 36

	Optimizing at the module level
	Cannot find a feasible solution:
		Effective logic levels from C/FSM_gray_state_reg[2](fixed:OUTPUT) to D/subtract/Q_reg[16](fixed:INPUT) is: 6
		Effective logic levels found across for latency (=1) is: 6
	Optimizing locally to improve critical paths(may not reduce worst delay)

	Effective logic levels on critical path after retiming is: 7
	Total number of crtical paths = 36
	Numbers of forward move = 0, and backward move = 0


INFO: [Synth 8-5816] Retiming module `divider' done


---------------------------------------------------------------------------------
Finished Technology Mapping : Time (s): cpu = 00:00:45 ; elapsed = 00:00:48 . Memory (MB): peak = 875.613 ; gain = 375.742
---------------------------------------------------------------------------------

Report RTL Partitions: 
+-+--------------+------------+----------+
| |RTL Partition |Replication |Instances |
+-+--------------+------------+----------+
+-+--------------+------------+----------+
---------------------------------------------------------------------------------
Start IO Insertion
---------------------------------------------------------------------------------
---------------------------------------------------------------------------------
Start Flattening Before IO Insertion
---------------------------------------------------------------------------------
---------------------------------------------------------------------------------
Finished Flattening Before IO Insertion
---------------------------------------------------------------------------------
---------------------------------------------------------------------------------
Start Final Netlist Cleanup
---------------------------------------------------------------------------------
---------------------------------------------------------------------------------
Finished Final Netlist Cleanup
---------------------------------------------------------------------------------
---------------------------------------------------------------------------------
Finished IO Insertion : Time (s): cpu = 00:00:50 ; elapsed = 00:00:53 . Memory (MB): peak = 875.613 ; gain = 375.742
---------------------------------------------------------------------------------

Report Check Netlist: 
+------+------------------+-------+---------+-------+------------------+
|      |Item              |Errors |Warnings |Status |Description       |
+------+------------------+-------+---------+-------+------------------+
|1     |multi_driven_nets |      0|        0|Passed |Multi driven nets |
+------+------------------+-------+---------+-------+------------------+
---------------------------------------------------------------------------------
Start Renaming Generated Instances
---------------------------------------------------------------------------------
---------------------------------------------------------------------------------
Finished Renaming Generated Instances : Time (s): cpu = 00:00:50 ; elapsed = 00:00:53 . Memory (MB): peak = 875.613 ; gain = 375.742
---------------------------------------------------------------------------------

Report RTL Partitions: 
+-+--------------+------------+----------+
| |RTL Partition |Replication |Instances |
+-+--------------+------------+----------+
+-+--------------+------------+----------+
---------------------------------------------------------------------------------
Start Rebuilding User Hierarchy
---------------------------------------------------------------------------------
---------------------------------------------------------------------------------
Finished Rebuilding User Hierarchy : Time (s): cpu = 00:00:50 ; elapsed = 00:00:53 . Memory (MB): peak = 875.613 ; gain = 375.742
---------------------------------------------------------------------------------
---------------------------------------------------------------------------------
Start Renaming Generated Ports
---------------------------------------------------------------------------------
---------------------------------------------------------------------------------
Finished Renaming Generated Ports : Time (s): cpu = 00:00:50 ; elapsed = 00:00:53 . Memory (MB): peak = 875.613 ; gain = 375.742
---------------------------------------------------------------------------------
---------------------------------------------------------------------------------
Start Handling Custom Attributes
---------------------------------------------------------------------------------
---------------------------------------------------------------------------------
Finished Handling Custom Attributes : Time (s): cpu = 00:00:50 ; elapsed = 00:00:54 . Memory (MB): peak = 875.613 ; gain = 375.742
---------------------------------------------------------------------------------
---------------------------------------------------------------------------------
Start Renaming Generated Nets
---------------------------------------------------------------------------------
---------------------------------------------------------------------------------
Finished Renaming Generated Nets : Time (s): cpu = 00:00:50 ; elapsed = 00:00:54 . Memory (MB): peak = 875.613 ; gain = 375.742
---------------------------------------------------------------------------------
---------------------------------------------------------------------------------
Start Writing Synthesis Report
---------------------------------------------------------------------------------

Report BlackBoxes: 
+-+--------------+----------+
| |BlackBox name |Instances |
+-+--------------+----------+
+-+--------------+----------+

Report Cell Usage: 
+------+-------+------+
|      |Cell   |Count |
+------+-------+------+
|1     |BUFG   |     1|
|2     |CARRY4 |    20|
|3     |LUT1   |     1|
|4     |LUT2   |    11|
|5     |LUT3   |     4|
|6     |LUT4   |    77|
|7     |LUT5   |    89|
|8     |LUT6   |     6|
|9     |FDRE   |   104|
|10    |IBUF   |    67|
|11    |OBUF   |    66|
+------+-------+------+

Report Instance Areas: 
+------+---------------+-------------+------+
|      |Instance       |Module       |Cells |
+------+---------------+-------------+------+
|1     |top            |             |   446|
|2     |  C            |control      |    77|
|3     |  D            |datapath     |   235|
|4     |    count      |udCounterSFR |    11|
|5     |    left_right |lrShiftSFR   |   101|
|6     |    left_shift |lShiftSFR    |    71|
|7     |    subtract   |subSFR       |    48|
+------+---------------+-------------+------+
---------------------------------------------------------------------------------
Finished Writing Synthesis Report : Time (s): cpu = 00:00:50 ; elapsed = 00:00:54 . Memory (MB): peak = 875.613 ; gain = 375.742
---------------------------------------------------------------------------------
Synthesis finished with 0 errors, 0 critical warnings and 0 warnings.
Synthesis Optimization Runtime : Time (s): cpu = 00:00:34 ; elapsed = 00:00:47 . Memory (MB): peak = 875.613 ; gain = 275.117
Synthesis Optimization Complete : Time (s): cpu = 00:00:50 ; elapsed = 00:00:54 . Memory (MB): peak = 875.613 ; gain = 375.742
INFO: [Project 1-571] Translating synthesized netlist
INFO: [Netlist 29-17] Analyzing 20 Unisim elements for replacement
INFO: [Netlist 29-28] Unisim Transformation completed in 0 CPU seconds
INFO: [Project 1-570] Preparing netlist for logic optimization
Parsing XDC File [C:/Users/Walter/Documents/GitHub/DSDII_FINAL/Constraints/constraints.xdc]
Finished Parsing XDC File [C:/Users/Walter/Documents/GitHub/DSDII_FINAL/Constraints/constraints.xdc]
INFO: [Opt 31-138] Pushed 0 inverter(s) to 0 load pin(s).
Netlist sorting complete. Time (s): cpu = 00:00:00 ; elapsed = 00:00:00 . Memory (MB): peak = 897.285 ; gain = 0.000
INFO: [Project 1-111] Unisim Transformation Summary:
No Unisim elements were transformed.

INFO: [Common 17-83] Releasing license: Synthesis
30 Infos, 1 Warnings, 0 Critical Warnings and 0 Errors encountered.
synth_design completed successfully
synth_design: Time (s): cpu = 00:01:00 ; elapsed = 00:01:07 . Memory (MB): peak = 897.285 ; gain = 618.398
